OpenSBI v1.0-2-g6dde435
   ____                    _____ ____ _____
  / __ \                  / ____|  _ \_   _|
 | |  | |_ __   ___ _ __ | (___ | |_) || |
 | |  | | '_ \ / _ \ '_ \ \___ \|  _ < | |
 | |__| | |_) |  __/ | | |____) | |_) || |_
  \____/| .__/ \___|_| |_|_____/|____/_____|
        | |
        |_|

Platform Name             : riscv-virtio,qemu
Platform Features         : medeleg
Platform HART Count       : 8
Platform IPI Device       : aclint-mswi
Platform Timer Device     : aclint-mtimer @ 10000000Hz
Platform Console Device   : uart8250
Platform HSM Device       : ---
Platform Reboot Device    : sifive_test
Platform Shutdown Device  : sifive_test
Firmware Base             : 0x80000000
Firmware Size             : 320 KB
Runtime SBI Version       : 0.3

Domain0 Name              : root
Domain0 Boot HART         : 0
Domain0 HARTs             : 0*,1*,2*,3*,4*,5*,6*,7*
Domain0 Region00          : 0x0000000002000000-0x000000000200ffff (I)
Domain0 Region01          : 0x0000000080000000-0x000000008007ffff ()
Domain0 Region02          : 0x0000000000000000-0xffffffffffffffff (R,W,X)
Domain0 Next Address      : 0x0000000080800000
Domain0 Next Arg1         : 0x00000000a0000000
Domain0 Next Mode         : S-mode
Domain0 SysReset          : yes

Boot HART ID              : 0
Boot HART Domain          : root
Boot HART ISA             : rv64imafdcsu
Boot HART Features        : scounteren,mcounteren,time
Boot HART PMP Count       : 16
Boot HART PMP Granularity : 4
Boot HART PMP Address Bits: 54
Boot HART MHPM Count      : 0
Boot HART MIDELEG         : 0x0000000000000222
Boot HART MEDELEG         : 0x000000000000b109
---<<BOOT>>---
Physical memory chunk(s):
  0x80000000 - 0x27fffffff,  8192 MB (2097152 pages)
Excluded memory regions:
  0x80000000 - 0x801fffff,     2 MB (    512 pages) NoAlloc NoDump
  0x80800000 - 0x85a66fff,    82 MB (  21095 pages) NoAlloc 
Found 8 CPUs in the device tree
Copyright (c) 1992-2021 The FreeBSD Project.
Copyright (c) 1979, 1980, 1983, 1986, 1988, 1989, 1991, 1992, 1993, 1994
	The Regents of the University of California. All rights reserved.
FreeBSD is a registered trademark of The FreeBSD Foundation.
FreeBSD 13.0-RELEASE #0: Tue Apr 20 23:31:21 CST 2021
    root@guily:/usr/obj/usr/src/riscv.riscv64/sys/QEMU riscv
FreeBSD clang version 11.0.1 (git@github.com:llvm/llvm-project.git llvmorg-11.0.1-0-g43ff75f2c3fe)
Preloaded elf kernel "kernel" at 0x1100d6d60.
SBI: OpenSBI v1.0
SBI Specification Version: 0.3
CPU(0): Unknown Implementer Unknown Processor
real memory  = 8589934592 (8192 MB)
Physical memory chunk(s):
0x0000000080200000 - 0x00000000807fffff, 6291456 bytes (1536 pages)
0x0000000085a67000 - 0x000000027365ffff, 8283721728 bytes (2022393 pages)
avail memory = 8261517312 (7878 MB)
No static device mappings.
Starting CPU 1 (hart 1)
Starting CPU 2 (hart 2)
Starting CPU 3 (hart 3)
Starting CPU 4 (hart 4)
Starting CPU 5 (hart 5)
Starting CPU 6 (hart 6)
Starting CPU 7 (hart 7)
FreeBSD/SMP: Multiprocessor System Detected: 8 CPUs
random: no preloaded entropy cache
arc4random: WARNING: initial seeding bypassed the cryptographic random device because it was not yet seeded and the knob 'bypass_before_seeding' was enabled.
VIMAGE (virtualized network stack) enabled
hostuuid: using 00000000-0000-0000-0000-000000000000
ULE: setup cpu 0
ULE: setup cpu 1
ULE: setup cpu 2
ULE: setup cpu 3
ULE: setup cpu 4
ULE: setup cpu 5
ULE: setup cpu 6
ULE: setup cpu 7
random: entropy device external interface
null: <full device, null device, zero device>
openfirm: <Open Firmware control device>
WARNING: Device "openfirm" is Giant locked and may be deleted before FreeBSD 14.0.
crypto: <crypto core>
WARNING: Device "kbd" is Giant locked and may be deleted before FreeBSD 14.0.
kbd0 at kbdmux0
ofwbus0: <Open Firmware Device Tree>
simplebus0: <Flattened device tree simple bus> on ofwbus0
plic0: <RISC-V PLIC> mem 0xc000000-0xfffffff irq 10,11,12,13,14,15,16,17,18,19,20,21,22,23,24,25 on simplebus0
timer0: <RISC-V Timer>
Timecounter "RISC-V Timecounter" frequency 10000000 Hz quality 1000
Event timer "RISC-V Eventtimer" frequency 10000000 Hz quality 1000
riscv_syscon0: <RISC-V syscon> mem 0x100000-0x100fff on ofwbus0
rcons0: <RISC-V console>
ofwbus0: <flash@20000000> mem 0x20000000-0x21ffffff,0x22000000-0x23ffffff compat cfi-flash (no driver attached)
goldfish_rtc0: <Goldfish RTC> mem 0x101000-0x101fff irq 0 on ofwbus0
goldfish_rtc0: registered as a time-of-day clock, resolution 1.000000s
ofwbus0: no default resources for rid = 0, type = 4
ofwbus0: no default resources for rid = 0, type = 4
ofwbus0: no default resources for rid = 0, type = 4
uart0: <16550 or compatible> mem 0x10000000-0x100000ff irq 1 on ofwbus0
uart0: console (115200,n,8,1)
uart0: fast interrupt
uart0: PPS capture mode: DCD
syscon_power0: <Syscon poweroff> on ofwbus0
syscon_power1: <Syscon reboot> on ofwbus0
virtio_mmio0: <VirtIO MMIO adapter> mem 0x10008000-0x10008fff irq 2 on ofwbus0
vtblk0: <VirtIO Block Adapter> on virtio_mmio0
virtio_mmio0: host features: 0x31006ed4 <RingEventIdx,RingIndirectDesc,NotifyOnEmpty,WriteZeros,Discard,ConfigWCE,Topology,FlushCmd,SCSICmds,BlockSize,DiskGeometry,MaxNumSegs>
virtio_mmio0: negotiated features: 0x10002e54 <RingIndirectDesc,Discard,ConfigWCE,Topology,FlushCmd,BlockSize,DiskGeometry,MaxNumSegs>
vtblk0: 10240MB (20971520 512 byte sectors)
virtio_mmio1: <VirtIO MMIO adapter> mem 0x10007000-0x10007fff irq 3 on ofwbus0
vtblk1: <VirtIO Block Adapter> on virtio_mmio1
virtio_mmio1: host features: 0x31006ed4 <RingEventIdx,RingIndirectDesc,NotifyOnEmpty,WriteZeros,Discard,ConfigWCE,Topology,FlushCmd,SCSICmds,BlockSize,DiskGeometry,MaxNumSegs>
virtio_mmio1: negotiated features: 0x10002e54 <RingIndirectDesc,Discard,ConfigWCE,Topology,FlushCmd,BlockSize,DiskGeometry,MaxNumSegs>
vtblk1: 2048MB (4194304 512 byte sectors)
virtio_mmio2: <VirtIO MMIO adapter> mem 0x10006000-0x10006fff irq 4 on ofwbus0
vtblk2: <VirtIO Block Adapter> on virtio_mmio2
virtio_mmio2: host features: 0x31006ed4 <RingEventIdx,RingIndirectDesc,NotifyOnEmpty,WriteZeros,Discard,ConfigWCE,Topology,FlushCmd,SCSICmds,BlockSize,DiskGeometry,MaxNumSegs>
virtio_mmio2: negotiated features: 0x10002e54 <RingIndirectDesc,Discard,ConfigWCE,Topology,FlushCmd,BlockSize,DiskGeometry,MaxNumSegs>
vtblk2: 128MB (262144 512 byte sectors)
ofwbus0: <virtio_mmio@10005000> mem 0x10005000-0x10005fff irq 5 compat virtio,mmio (no driver attached)
ofwbus0: <virtio_mmio@10004000> mem 0x10004000-0x10004fff irq 6 compat virtio,mmio (no driver attached)
ofwbus0: <virtio_mmio@10003000> mem 0x10003000-0x10003fff irq 7 compat virtio,mmio (no driver attached)
ofwbus0: <virtio_mmio@10002000> mem 0x10002000-0x10002fff irq 8 compat virtio,mmio (no driver attached)
ofwbus0: <virtio_mmio@10001000> mem 0x10001000-0x10001fff irq 9 compat virtio,mmio (no driver attached)
cpulist0: <Open Firmware CPU Group> on ofwbus0
cpu0: <Open Firmware CPU> on cpulist0
cpu0: missing 'clock-frequency' property
riscv64_cpu0: register <0>
cpu1: <Open Firmware CPU> on cpulist0
cpu1: missing 'clock-frequency' property
riscv64_cpu1: register <1>
cpu2: <Open Firmware CPU> on cpulist0
cpu2: missing 'clock-frequency' property
riscv64_cpu2: register <2>
cpu3: <Open Firmware CPU> on cpulist0
cpu3: missing 'clock-frequency' property
riscv64_cpu3: register <3>
cpu4: <Open Firmware CPU> on cpulist0
cpu4: missing 'clock-frequency' property
riscv64_cpu4: register <4>
cpu5: <Open Firmware CPU> on cpulist0
cpu5: missing 'clock-frequency' property
riscv64_cpu5: register <5>
cpu6: <Open Firmware CPU> on cpulist0
cpu6: missing 'clock-frequency' property
riscv64_cpu6: register <6>
cpu7: <Open Firmware CPU> on cpulist0
cpu7: missing 'clock-frequency' property
riscv64_cpu7: register <7>
pcib0: <Generic PCI host controller> mem 0x30000000-0x3fffffff on simplebus0
pcib0: parsing FDT for ECAM0:
pcib0: 	PCI addr: 0x0, CPU addr: 0x3000000, Size: 0x10000
pcib0: 	PCI addr: 0x40000000, CPU addr: 0x40000000, Size: 0x40000000
pcib0: 	PCI addr: 0x0, CPU addr: 0x0, Size: 0x0
pcib0: 	PCI addr: 0x0, CPU addr: 0x0, Size: 0x0
pcib0: 	PCI addr: 0x0, CPU addr: 0x0, Size: 0x0
pcib0: 	PCI addr: 0x0, CPU addr: 0x0, Size: 0x0
pcib0: 	PCI addr: 0x0, CPU addr: 0x0, Size: 0x0
pcib0: 	PCI addr: 0x0, CPU addr: 0x0, Size: 0x0
pcib0: 	PCI addr: 0x0, CPU addr: 0x0, Size: 0x0
pcib0: 	PCI addr: 0x0, CPU addr: 0x0, Size: 0x0
pcib0: 	PCI addr: 0x0, CPU addr: 0x0, Size: 0x0
pcib0: 	PCI addr: 0x0, CPU addr: 0x0, Size: 0x0
pcib0: 	PCI addr: 0x0, CPU addr: 0x0, Size: 0x0
pcib0: 	PCI addr: 0x0, CPU addr: 0x0, Size: 0x0
pcib0: 	PCI addr: 0x0, CPU addr: 0x0, Size: 0x0
pcib0: 	PCI addr: 0x0, CPU addr: 0x0, Size: 0x0
pcib0: Bus is cache-coherent
pci0: <PCI bus> on pcib0
pci0: domain=0, physical bus=0
found->	vendor=0x1b36, dev=0x0008, revid=0x00
	domain=0, bus=0, slot=0, func=0
	class=06-00-00, hdrtype=0x00, mfdev=0
	cmdreg=0x0000, statreg=0x0000, cachelnsz=0 (dwords)
	lattimer=0x00 (0 ns), mingnt=0x00 (0 ns), maxlat=0x00 (0 ns)
simplebus0: <clint@2000000> mem 0x2000000-0x200ffff irq 26,27,28,29,30,31,32,33,34,35,36,37,38,39,40,41 compat riscv,clint0 (no driver attached)
cryptosoft0: <software crypto>
crypto: assign cryptosoft0 driver id 0, flags 0x6000000
Device configuration finished.
procfs registered
Timecounters tick every 10.000 msec
lo0: bpf attached
vlan: initialized, using hash tables with chaining
tcp_init: net.inet.tcp.tcbhashsize auto tuned to 65536
IPsec: Initialized Security Association Processing.
GEOM: new disk vtbd0
GEOM: new disk vtbd1
GEOM: new disk vtbd2
usb_needs_explore_all: no devclass
Release APs
CPU(7): Unknown Implementer Unknown Processor
CPU(6): Unknown Implementer Unknown Processor
CPU(5): Unknown Implementer Unknown Processor
CPU(1): Unknown Implementer Unknown Processor
CPU(3): Unknown Implementer Unknown Processor
CPU(4): Unknown Implementer Unknown Processor
CPU(2): Unknown Implementer Unknown Processor
Trying to mount root from ufs:/dev/vtbd0 []...
WARNING: / was not properly dismounted
goldfish_rtc0: providing initial system time
t[0] == 0x8000000000000005
t[1] == 0x0000000000000120
t[2] == 0x0000000000006000
t[3] == 0x0000000000000000
t[4] == 0x000000��
